HA ADNAK, VEDD EL, HA ÜTNEK, SZALADJ EL.
JOBB ADNI, MINT KAPNI.
KÉTSZER AD, AKI GYORSAN AD.
AMILYEN AZ ADJONISTEN, OLYAN A FOGADJISTEN.
HÁTRÁBB AZ AGARAKKAL!
KI MINT VETI ÁGYÁT, ÚGY ALUSSZA ÁLMÁT.
ÁGYÚVAL LŐ VEREBEKRE.
AJÁNDÉK LÓNAK NE NÉZD A FOGÁT.
AJTÓSTUL RONT BE A HÁZBA.
HA KIDOBJÁK AZ AJTÓN, BEMEGY AZ ABLAKON.
AKASZTOTT EMBER HÁZÁBAN KÖTELET EMLEGET.
ALKALOM SZÜLI A TOLVAJT.
FELKAVARTA AZ ÁLLÓVIZET.
NEM ESIK MESSZE AZ ALMA A FÁJÁTÓL.
NÉZD MEG AZ ANYJÁT, VEDD EL A LÁNYÁT.
ÁR ELLEN NEHÉZ ÚSZNI.
HALLGATNI ARANY, BESZÉLNI EZÜST.
NEM MIND ARANY, AMI FÉNYLIK.
KI KORÁN KEL, ARANYAT LEL.
NEM MINDIG AZ ARAT, AKI VET.
SOK BÁBA KÖZT ELVÉSZ A GYEREK.
NEM BABRA MEGY A JÁTÉK.
BAGOLY MONDJA VERÉBNEK, HOGY NAGYFEJŰ.
A BAJ NEM JÁR EGYEDÜL.
MINDENKINEK MEGVAN A MAGA BAJA.
KÉSŐ BÁNAT EBGONDOLAT.
MONDD MEG, KI A BARÁTOD MEGMONDOM KI VAGY.
NEM MIND BARÁTOD, AKI RÁD MOSOLYOG.
BÁTRAKÉ A SZERENCSE.
A BÉKA FENEKE ALATT VAN.
LENYELI A BÉKÁT.
SOK BESZÉDNEK SOK AZ ALJA.
A BETYÁRBÓL LESZ A LEGJOBB PANDÚR.
KINYÍLIK A BICSKA A ZSEBEMBEN.
AKI BÍRJA, MARJA.
SORBA MEGY, MINT A FALUSI BÍRÓSÁG.
KI HOL BÍZIK, OTT HÍZIK.
SZEGÉNYSÉGI BIZONYÍTVÁNYT ÁLLÍT KI MAGÁRÓL.
BOLOND LYUKBÓL BOLOND SZÉL FÚJ.
BOLONDNAK KEDVEZ A SZERENCSE.
EGY BOLOND SZÁZAT CSINÁL.
JÓ BORNAK NEM KELL CÉGÉR.
BÁMUL, MINT BORJÚ AZ ÚJ KAPURA.
KICSI A BORS, DE ERŐS.
BORSOT TÖR VALAKINEK AZ ORRA ALÁ.
AKI BOTTAL KÖSZÖN, ANNAK DORONGGAL FELELNEK.
BOTTAL ÜTHETIK A NYOMÁT.
SENKI SEM TUD KIBÚJNI A SAJÁT BŐRÉBŐL.
MINDENKI A MAGA BŐRÉT VISZI A VÁSÁRRA.
NEM EGY NAP ALATT ÉPÜLT BUDA VÁRA.
EGYSZER VOLT BUDÁN KUTYAVÁSÁR.
A CÉL SZENTESÍTI AZ ESZKÖZT.
MINDEN CIGÁNY A MAGA LOVÁT DICSÉRI.
NEM SZOKTA A CIGÁNY A SZÁNTÁST.
MÉG HA CIGÁNYGYEREKEK POTYOGNAK IS AZ ÉGBŐL.
CSALÁNBA NEM ÜT A MENNYKŐ.
ELÁSTÁK A CSATABÁRDOT.
SOK CSEPP KÖVET VÁJ.
LEHAZUDNÁ A CSILLAGOKAT AZ ÉGRŐL.
HA NEM CSINÁLOK SEMMIT, ABBÓL NEM LEHET BAJ.
A SÁROS CSIZMÁMAT SEM TÖRÖLNÉM HOZZÁ.
HOGY KERÜL A CSIZMA AZ ASZTALRA!
MINDEN CSODA HÁROM NAPIG TART.
EZ MÁR LERÁGOTT CSONT.
KÉSŐN JÖVŐNEK CSONT AZ EBÉDJE.
HA NEM CSURRAN, CSEPPEN.
CSÖBÖRBŐL VÖDÖRBE.
DARÁZSFÉSZEKBE NYÚL.
ELKÖLTENÉ A DÁRIUS KINCSÉT IS.
TE SEM VAGY JOBB A DEÁKNÉ VÁSZNÁNÁL.
JÖN MÉG KUTYÁRA DÉR.
A DIÓ TÖRVE, AZ ASSZONY VERVE JÓ.
HALLGAT, MINT A SÜKET DISZNÓ A BÚZÁBAN.
ÉHES DISZNÓ MAKKAL ÁLMODIK.
NEM ERŐSZAK A DISZNÓTOR.
DOBBAL NEM LEHET VEREBET FOGNI.
AKI DOLGOZIK, AZ NEM ÉR RÁ PÉNZT KERESNI.
AKI NEM DOLGOZIK, NE IS EGYÉK.
DRÓTON RÁNGAT VALAKIT.
KÉT DUDÁS EGY CSÁRDÁBAN NEM FÉR MEG.
DUNÁT LEHETNE REKESZTENI VELE.
NEHEZEN ALKUSZIK MEG KÉT EB EGY CSONTON.
AZ EBEK HARMINCADJÁRA KERÜLT.
FOGAS EBNEK VALÓ A CSONTRÁGÁS.
KÖTI AZ EBET A KARÓHOZ.
EBCSONT BEFORR.
ÉG ÉS FÖLD A KÜLÖNBSÉG KÖZTÜK.
MINT DERÜLT ÉGBŐL A VILLÁMCSAPÁS.
AZ EGÉSZSÉG ÍZÉT A BETEGSÉG ADJA MEG.
SZEGÉNY AZ EKLÉZSIA, MAGA HARANGOZ A PAP.
ELEFÁNT A PORCELÁNBOLTBAN.
KI ELBÍZZA MAGÁT, KÖNNYEN MEGSZÉGYENÜL.
ÚGY SZÉP AZ ÉLET, HA ZAJLIK.
AZ ELLENSÉGEMNEK SE KÍVÁNOM.
AKI NINCS ELLENÜNK, AZ VELÜNK VAN.
AMI ELMÚLT, ELMÚLT.
AHÁNY EMBER, ANNYI VÉLEMÉNY.
AZ EMBER NEM LEHET ELÉG ÓVATOS.
EMBER EMBERNEK FARKASA.
EMBER TERVEZ, ISTEN VÉGEZ.
HOLTIG REMÉL AZ EMBER.
NEM TUDJA AZ EMBER, MIRE VIRRAD.
SOK JÓ EMBER ELFÉR KIS HELYEN.
NEM SZED MÁS KOSARÁBA EPRET.
AZ ERDŐNEK FÜLE VAN, A MEZŐNEK SZEME VAN.
AHOGY ESIK, ÚGY PUFFAN.
ESŐ UTÁN KÖPÖNYEG.
MÁJUSI ESŐ ARANYAT ÉR.
TÖBBET ÉSSZEL, MINT ERŐVEL.
ESZI, NEM ESZI, NEM KAP MÁST.
AZT SE TUDJA, ESZIK-E VAGY ISSZÁK.
SOK ESZKIMÓ, KEVÉS FÓKA.
EVÉS KÖZBEN JÖN MEG AZ ÉTVÁGY.
EZ VAN, EZT KELL SZERETNI.
AMILYEN A FA, OLYAN A GYÜMÖLCSE.
NAGY FÁBA VÁGTA A FEJSZÉJÉT.
FÁBÓL VASKARIKA.
KEMÉNY FÁBÓL FARAGTÁK.
JÓ FÁNAK IS VAN ROSSZ GYÜMÖLCSE.
A FÁT NEM VÁGJÁK KI EGY CSAPÁSRA.
ADDIG HAJTSD A FÁT, MÍG VESSZŐ.
MAGA ALATT VÁGJA A FÁT.
ROSSZ FÁT TETT A TŰZRE.
NEM LÁTJA A FÁTÓL AZ ERDŐT.
NEM NŐNEK A FÁK AZ ÉGIG.
A FALNAK IS FÜLE VAN.
A FARKAS A SZŐRÉT ELHÁNYJA, DE A SZOKÁSÁT NEM.
FARKAST EMLEGETNEK, A KERT ALATT JÁR.
NEM ESZI MEG A KUTYA A TELET.
A FAROK CSÓVÁLJA A KUTYÁT.
AZ ÚJ FAZÉK MEGTARTJA ELSŐ SZAGÁT.
MINDEN EMBER AZ Ő MAGA FAZEKA MELLÉ SZÍT.
EGY FECSKE NEM CSINÁL NYARAT.
AKINEK NINCS A FEJÉBEN, LEGYEN A LÁBÁBAN.
FEJÉN TALÁLJA A SZÖGET.
ÖSSZECSAPNAK A FEJE FÖLÖTT A HULLÁMOK.
NEM JÓ FEJJEL ROHANNI A FALNAK.
VESZETT FEJSZE NYELE.
JOBB FÉLNI, MINT MEGIJEDNI.
JOBB FÉLÚTRÓL VISSZATÉRNI, MINT ROSSZ ÚTRA TÉRNI.
HADD HULLJON A FÉRGESE.
JOBB A SŰRŰ FILLÉR, MINT A RITKA FORINT.
AKINEK A FOGA FÁJ, TARTSA A NYELVÉT RAJTA.
FENI A FOGÁT VALAMIRE.
KIMUTATJA A FOGA FEHÉRJÉT.
FOGJUK MEG ÉS VIGYÉTEK.
OTT SZAKAD A KÖTÉL, AHOL A LEGVÉKONYABB.
AMIT FŐZTÉL, EDD IS MEG!
SZÉGYEN A FUTÁS, DE HASZNOS.
EGYIK FÜLÉN BE, A MÁSIKON KI.
SE FÜLE, SE FARKA.
AHOL FÜST VAN, OTT TŰZ IS VAN.
NAGYOBB A FÜSTJE, MINT A LÁNGJA.
SENKINEK SEM REPÜL SZÁJÁBA A SÜLT GALAMB.
AHOL SOK A GAZDA, BOLOND A SZOLGA.
AZ OKOS GAZDA A KÁRT IS JÓRA FORDÍTJA.
GAZDA SZEME HIZLALJA A JÓSZÁGOT.
ELKAPTA A GÉPSZÍJ.
MÁSSAL KAPARTATJA KI A GESZTENYÉT A PARÁZSBÓL.
A GOMBHOZ VARRJA A KABÁTOT.
GÚZSBA KÖTVE TÁNCOL.
GYAKORLAT TESZI A MESTERT.
GYÁVA NÉPNEK NINCS HAZÁJA.
GYERMEK, RÉSZEG, BOLOND MONDJÁK AZ IGAZAT.
NEM KELL A GYEREKET A FÜRDŐVÍZZEL KIÖNTENI.
NÉMA GYEREKNEK AZ ANYJA SEM ÉRTI A SZAVÁT.
TILTOTT GYÜMÖLCS ÉDESEBB.
HOSSZÚ HAJ, RÖVID ÉSZ.
A SÜLLYEDŐ HAJÓT ELHAGYJÁK A PATKÁNYOK.
EGY HAJÓBAN EVEZNEK.
A NAGY HAL MEGESZI A KIS HALAT.
FEJÉTŐL BŰZLIK A HAL.
HALÁL ELLEN NINCS ORVOSSÁG.
JÓ VOLNA HALÁLNAK.
SOKAT HALLJ, LÁSS, KEVESET SZÓLJ.
AMIRŐL HALLGATUNK, AZ NINCS IS.
A HALLGATÁS BELEEGYEZÉS.
NEM LESZ BELŐLE ÉNEKES HALOTT.
ÚGY HIÁNYZOTT, MINT ÜVEGES TÓTNAK A HANYATTESÉS.
A HARAG ROSSZ TANÁCSADÓ.
A MAI HARAGOD HALASZD HOLNAPRA.
NEM ZÖRÖG A HARASZT, HA NEM FÚJ A SZÉL.
HÁROM A MAGYAR IGAZSÁG.
ÜRES HASNAK NEM ELÉG A SZÉP SZÓ.
AKKOR LÁSSAM, AMIKOR A HÁTAM KÖZEPÉT.
A HATÁR A CSILLAGOS ÉG.
MINDENNEK VAN HATÁRA.
AHÁNY HÁZ, ANNYI SZOKÁS.
AMIT A HÁZ ELLOP, ELŐ IS ADJA.
SOK HÁZ ÉG BELÜL, DE NEM LÁTSZIK KÍVÜL.
AZ ÉN HÁZAM AZ ÉN VÁRAM.
MINDENKI A MAGA HÁZA ELŐTT SÖPÖRJÖN.
HÁZTŰZNÉZŐBE MEGY.
AKI HAZUDIK, AZ LOP IS.
ÚGY HAZUDIK, MINTHA KÖNYVBŐL OLVASNÁ.
A HAZUGOT HAMARABB UTOLÉRIK, MINT A SÁNTA KUTYÁT.
AKKOR SE HISZNEK A HAZUGNAK, MIKOR IGAZAT MOND.
CSAK AZ NEM KÖVET EL HIBÁT, AKI NEM DOLGOZIK.
A ROSSZ HÍR SZÁRNYON JÁR, A JÓ ALIG KULLOG.
AKI KÖNNYEN HISZ, KÖNNYEN CSALATKOZIK.
HOL VAN MÁR A TAVALYI HÓ!
TELE VAN A HÓCIPŐJE.
A HÓHÉRT AKASZTJÁK.
HOLLÓ A HOLLÓNAK NEM VÁJJA KI A SZEMÉT.
KI TUDJA, MIT HOZ A HOLNAP.
A HOLTAKRÓL VAGY JÓT VAGY SEMMIT.
EGYSZER HOPP, MÁSSZOR KOPP.
ÜRES HORDÓ JOBBAN KONG.
OLCSÓ HÚSNAK HÍG A LEVE.
AZ IDŐ ELJÁR, SENKIRE NEM VÁR.
AZ IDŐ PÉNZ.
AKI IDŐT NYER, ÉLETET NYER.
MINDENNEK MEGVAN A MAGA IDEJE.
MONDJ IGAZAT, BETÖRIK A FEJED.
BORBAN AZ IGAZSÁG.
AZ IGAZSÁGOT NEM LEHET VÉKA ALÁ REJTENI.
AKI SOKAT ÍGÉR, KEVESET AD.
AZ ÍGÉRET SZÉP SZÓ, HA MEGTARTJÁK ÚGY JÓ.
ÍGÉRETEKKEL TELE A PADLÁS.
AMI TÉGED NEM ILLET, NE TÖRD AZON A FEJEDET.
CSAK AZ IMÁDSÁG TARTJA BENNE A LELKET.
AKINEK NEM INGE, NE VEGYE MAGÁRA.
JOBB SZÁZ IRIGY, MINT EGY SZÁNÓ.
AKINEK AZ ISTEN HIVATALT AD, ÉSZT NEM AD HOZZÁ.
AKINEK ISTEN VALAMIT AD, EMBER EL NEM VEHETI.
AZ ISTEN SE TEHET MINDENNEK ELEGET.
AZ ISTEN SEM SIET, SEM KÉSIK.
FELVITTE AZ ISTEN A DOLGÁT.
ISTEN MALMAI LASSAN ŐRÖLNEK, DE BIZTOSAN.
ISTEN NEM VER BOTTAL.
MEGFOGTA AZ ISTEN LÁBÁT.
NEM ISMER SE ISTENT, SE EMBERT.
SEGÍTS MAGADON, AZ ISTEN IS MEGSEGÍT.
OLYAN HOSSZÚ, MINT A SZENT IVÁN ÉNEKE.
ÍZLÉSEK ÉS POFONOK KÜLÖNBÖZŐK.
A JÉG HÁTÁN IS MEGÉL.
A JÓ ELNYERI MÉLTÓ BÜNTETÉSÉT.
MINDEN JÓ, HA A VÉGE JÓ.
MINDENÜTT JÓ, DE LEGJOBB OTTHON.
MINDEN JÓBAN VAN VALAMI ROSSZ.
JÓBÓL IS MEGÁRT A SOK.
AMIT JÓKEDVVEL TESZEL, NEM ESIK NEHEZEDRE.
MINDEN ÚGY VAN JÓL, AHOGY VAN.
NE CSAK TUDD A JÓT, HANEM TEDD IS.
JÓTETT HELYÉBE JÓT NE VÁRJ.
JÓTETT HELYÉBE JÓT VÁRJ.
HA JÖTTÖK, LESZTEK, HA HOZTOK, ESZTEK.
JÖJJÖN, AMINEK JÖNNI KELL.
A KÁKÁN IS CSOMÓT KERES.
MINDEN KAKAS ÚR A MAGA SZEMÉTDOMBJÁN.
NEM LEHET MINDENT EGY KALAP ALÁ VENNI.
KINEK MILYEN KALAPJA VAN, OLYANNAL KÖSZÖN.
ÜRES KALÁSZ FENN TARTJA A FEJÉT.
ÜRES KAMRÁNAK BOLOND A GAZDASSZONYA.
MEGFOJTANÁ EGY KANÁL VÍZBEN.
MINDEN LÉBEN KANÁL.
EGY KAPTAFÁRA HÚZ MINDENT.
NINCS AZ A KÁR, MELY VALAKINEK NE HASZNÁLNA.
FEKETE KARÁCSONY, FEHÉR HÚSVÉT.
HA RÖVID A KARDOD, TOLDD MEG EGY LÉPÉSSEL.
KÉT ÉLES TŐR NEM FÉR MEG EGY HÜVELYBEN.
MEGY, MINT A KARIKACSAPÁS.
NYÍLT KÁRTYÁKKAL JÁTSZIK.
NEM ESZIK A KÁSÁT OLYAN FORRÓN, AHOGY FŐZIK.
KÖNNYŰ KATIT TÁNCBA VINNI.
KAZALBAN TŰT KERES.
A KECSKE IS JÓLLAKIK ÉS A KÁPOSZTA IS MEGMARAD.
A KECSKE SE MENNE A VÁSÁRRA, HA NEM HAJTANÁK.
A VÉN KECSKE IS MEGNYALJA A SÓT.
ÚGY SZERETI, MINT A KECSKE A KÉST.
KECSKÉRE BÍZZA A KÁPOSZTÁT.
ISZIK, MINT A KEFEKÖTŐ.
ÖSSZEKÖTI A KELLEMEST A HASZNOSSAL.
FELÍRJUK A KÉMÉNYBE KOROMMAL.
KENYÉRTÖRÉSRE KERÜLT A DOLOG.
AMILYEN A KÉRDÉS, OLYAN A FELELET.
JOBB KÉTSZER KÉRDEZNI, MINT EGYSZER HIBÁZNI.
A KERÉK IS JOBBAN FOROG, HA KENIK.
AKI KERES, TALÁL.
LESZEDI RÓLA KERESZTVIZET.
AMI KÉSIK, NEM MÚLIK.
JOBB KÉSŐN, MINT SOHA.
MEGTANÍTLAK KESZTYŰBE DUDÁLNI.
KÉZ KEZET MOS.
NEM TUDJA A JOBB KÉZ, MIT CSINÁL A BAL.
SOK KÉZ HAMAR KÉSZ.
MOSSA A KEZÉT.
JÓ KEZDET FÉL SIKER.
MINDEN KEZDET NEHÉZ.
A KIBICNEK SEMMI SEM DRÁGA.
SOK KICSI SOKRA MEGY.
KICSIRE NEM ADUNK, A NAGY MEG NEM SZÁMÍT.
JÓ KIFOGÁS SOSE ROSSZ.
KIT A KÍGYÓ MEGCSÍP, A GYÍKTÓL IS FÉL.
KÍGYÓT-BÉKÁT KIÁLT RÁ.
PÜNKÖSDI KIRÁLYSÁG.
BUJKÁL BENNEM A KISÖRDÖG.
A KIVÉTEL ERŐSÍTI A SZABÁLYT.
JÓ A HOSSZÚ KOLBÁSZ ÉS A RÖVID PRÉDIKÁCIÓ.
SZEMÉRMES KOLDUSNAK ÜRES A TÁSKÁJA.
KOPASZT BOROTVÁL.
BORSÓT HÁNY A FALRA.
AKI KORPA KÖZÉ KEVEREDIK, MEGESZIK A DISZNÓK.
ADDIG JÁR A KORSÓ A KÚTRA, MÍG EL NEM TÖRIK.
NAGY KŐ ESETT LE A SZÍVÉRŐL.
HA MEGDOBNAK KŐVEL, DOBD VISSZA KENYÉRREL.
EGY KÖVET FÚJNAK.
MINDEN KÖVET MEGMOZGAT.
KÖLCSÖN KENYÉR VISSZAJÁR.
KÖPÖNYEGET FORDÍT.
KÖRMÉRE ÉG A MUNKA.
HA MINDEN KÖTÉL SZAKAD.
KINEK KRISZTUS A BARÁTJA, KÖNNYEN ÜDVÖZÜL.
KRISZTUS KOPORSÓJÁT SEM ŐRIZTÉK INGYEN.
ELMEHETSZ KUKUTYINBA ZABOT HEGYEZNI.
KAPARJ KURTA, NEKED IS LESZ.
A KUTYA UGAT, A KARAVÁN HALAD.
AMELYIK KUTYA UGAT, AZ NEM HARAP.
EGYIK KUTYA, MÁSIK EB.
ITT VAN A KUTYA ELTEMETVE.
JOBB AZ ÉLŐ KUTYA A HOLT OROSZLÁNNÁL.
KUTYA-MACSKA BARÁTSÁG.
LEFORRÁZOTT KUTYA AZ ESŐTŐL IS FÉL.
NEMCSAK EGY TARKA KUTYA VAN A VILÁGON.
VÖRÖS KUTYA, VÖRÖS LÓ, VÖRÖS EMBER EGY SE JÓ.
KUTYÁBÓL NEM LESZ SZALONNA.
A MI KUTYÁNK KÖLYKE.
KUTYAHARAPÁST A SZŐRIVEL GYÓGYÍTJÁK.
KUTYAUGATÁS NEM HALLATSZIK A MENNYBE.
BAL LÁBBAL KELT FEL.
NEHÉZ LÁNCBAN TÁNCOT JÁRNI.
LÁNYOMNAK MONDOM, MENYEM ÉRTSEN BELŐLE.
RÁTESZ MÉG EGY LAPÁTTAL.
LASSAN JÁRJ, TOVÁBB ÉRSZ.
A LÁTSZAT CSAL.
LEGÉNY A GÁTON.
NEM AZ A LEGÉNY, AKI ÜTI, HANEM AKI ÁLLJA.
LÉGVÁRAKAT ÉPÍT.
KÉT LEGYET ÜT EGY CSAPÁSRA.
MINDENT LEHET, CSAK AKARNI KELL.
NINCS LEHETETLENSÉG, CSAK TEHETETLENSÉG.
CSAK HÁLNI JÁR BELE A LÉLEK.
LESZ, AMI LESZ.
HÁTRA VAN MÉG A FEKETELEVES.
TÖBBE KERÜL A LEVES, MINT A HÚS.
ÁTESETT A LÓ TÚLSÓ OLDALÁRA.
EZ EGY ÁLLATORVOSI LÓ.
HA LÓ NINCS, A SZAMÁR IS JÓ.
NAGY A FEJE, BÚSULJON A LÓ.
A LÓNAK NÉGY LÁBA VAN, MÉGIS MEGBOTLIK.
KÖZÖS LÓNAK TÚROS A HÁTA.
A LOVAK KÖZÉ DOBTA A GYEPLŐT.
AZT A LOVAT ÜTIK, AMELYIK JOBBAN HÚZ.
A LOVÁT KERESI ÉS RAJTA ÜL.
KILÓG A LÓLÁB.
ÚGY, LASSAN KÉSZÜL, MINT A LUCA SZÉKE.
HA MÁR LÚD, LEGYEN KÖVÉR!
SOK LÚD DISZNÓT GYŐZ.
ADDIG DUGD BE A LYUKAT, MÍG KICSI.
AZ EGYIK LYUKAT A MÁSIKKAL TÖMI BE.
LYUKAT BESZÉL A HASÁBA VALAKINEK.
AMIT MA MEGTEHETSZ, NE HALASZD HOLNAPRA.
MA NEKEM, HOLNAP NEKED.
A MACSKA IS SZERETI A HALAT, DE KERÜLI A VIZET.
ALAMUSZI MACSKA NAGYOT UGRIK.
HA NINCS OTTHON A MACSKA, CINCOGNAK AZ EGEREK.
KERÜLGETI, MINT MACSKA A FORRÓ KÁSÁT.
ÚGY JÁTSZIK VELE, MINT MACSKA AZ EGÉRREL.
CSÚNYA MADÁR, AMELYIK A SAJÁT FÉSZKÉBE PISZKÍT.
MADARAT TOLLÁRÓL, EMBERT BARÁTJÁRÓL.
HA KELL, MENJ MAGAD, HA NEM KELL, KÜLDJ MÁST.
MAGAD URAM, HA SZOLGÁD NINCS.
MINDENKI MAGÁBÓL INDUL KI.
AKI MAGASRA HÁG, NAGYOT ESIK.
OLYAN MESSZE VAN TŐLE, MINT MAKÓ JERUZSÁLEMTŐL.
HOL MALACOT ÍGÉRNEK, OTT ZSÁKKAL FORGOLÓDJÁL.
KÉT MALOMBAN ŐRÖLNEK.
VALAKINEK A MALMÁRA HAJTJA A VIZET.
KÉT MALOMKŐ KÖZT ŐRLŐDIK.
ÚGY ÉL, MINT MARCI HEVESEN.
AKI SOKAT MARKOL, KEVESET FOG.
MEGHALT MÁTYÁS KIRÁLY, ODA AZ IGAZSÁG.
NE IGYÁL ELŐRE A MEDVE BŐRÉRE.
VAGY MEGSZOKIK, VAGY MEGSZÖKIK.
AMI NEM MEGY, NEM KELL ERŐLTETNI.
BEDOBTÁK A MÉLYVÍZBE.
TÚL SZÉP A MENYASSZONY.
AKI MER, AZ NYER.
KÉTSZER MÉRJ, EGYSZER VÁGJ.
KI MINEK NEM MESTERE, HÓHÉRA AZ ANNAK.
MESSZIRŐL JÖTT EMBER AZT MOND, AMIT AKAR.
ELHÚZZA AZ ORRA ELŐTT A MÉZESMADZAGOT.
TÖBB IS VESZETT MOHÁCSNÁL.
EGYET MONDOK, KETTŐ LESZ BELŐLE.
OLYAT MONDOK, HOGY MAGAM IS MEGBÁNOM.
A MÓR MEGTETTE A KÖTELESSÉGÉT, A MÓR MEHET.
AMILYEN A MOSDÓ, OLYAN A TÖRÖLKÖZŐ.
VÉDI A MUNDÉR BECSÜLETÉT.
A MUNKA DICSÉRI MESTERÉT.
ÉG A KEZE ALATT A MUNKA.
ELMENNE A MUNKA TEMETÉSÉRE.
HAMAR MUNKA RITKÁN JÓ.
JÓ MUNKÁHOZ IDŐ KELL.
MUNKA UTÁN ÉDES A PIHENÉS.
ÖSSZE KELL HÚZNI A NADRÁGSZÍJAT.
MINDEN NAGYNAK KICSI A KEZDETE.
NINCS ÚJ A NAP ALATT.
TÖBB NAP, MINT KOLBÁSZ.
NYUGTÁVAL DICSÉRD A NAPOT.
A NÉGYLÁBÚ IS BOTLIK.
NEM ENGED A NEGYVENNYOLCBÓL.
NEM AKARÁSNAK NYÖGÉS A VÉGE.
A KÖNNYŰ IS NEHÉZ A NEM AKARÓNAK.
A NÉP SZAVA ISTEN SZAVA.
GYÁVA NÉPNEK NINCS HAZÁJA.
AZ NEVET IGAZÁN, AKI UTOLJÁRA NEVET.
AHOL NINCS, OTT NE KERESS.
AMI NINCS, ABBÓL NEM LEHET BAJ.
AKI NYÁRON NEM GYŰJT, TÉLEN KEVESET FŰT.
EGY FENÉKKEL KÉT NYERGET NEM LEHET MEGÜLNI.
AZ ELLŐTT NYILAT NEHÉZ VISSZAHOZNI.
KI KÉT NYULAT HAJT, EGYET SE FOG.
KIUGRATJA A NYULAT A BOKORBÓL.
MÁS KÁRÁN TANUL AZ OKOS.
AZ OKOSABB ENGED.
OLAJAT ÖNT A TŰZRE.
ANNYIAN VANNAK, MINT AZ OROSZOK.
VÉGÉN CSATTAN AZ OSTOR.
AZ ÖKÖR CSAK ÖKÖR, HA BÉCSBE HAJTJÁK IS.
KÖNNYŰ TIZENKÉT ÖKÖR UTÁN ELTOLNI EGY SZEKERET.
SZOMJAS ÖKÖRNEK A ZAVAROS VÍZ IS JÓ.
AZ ÖNDICSÉRET BÜDÖS.
AZ ÖRDÖG NEM ALSZIK.
AZ ÖRDÖG VIGYEN EL!
FÉL TŐLE, MINT ÖRDÖG A SZENTELTVÍZTŐL.
VERI AZ ÖRDÖG A FELESÉGÉT.
HA ÖRDÖGGEL LAKOL, ÖRDÖGGÉ KELL LENNED.
ADD AZ ÖRDÖGNEK KISUJJADAT, EGÉSZEN ELKAP.
AZ ÖRDÖGNEK IS KELL OLYKOR GYERTYÁT GYÚJTANI.
TARTOZOTT AZ ÖRDÖGNEK EGY ÚTTAL.
JÓ, CSAK AZ ÖRDÖGÖK ROSSZAK, HOGY EL NEM VISZIK.
NEM JÓ AZ ÖRDÖGÖT A FALRA FESTENI.
JÓ AZ ÖREG A HÁZNÁL.
NINCSEN ÖRÖM ÜRÖM NÉLKÜL.
OTTHAGYTA, MINT SZENT PÁL AZ OLÁHOKAT.
A JÓ PAP HOLTIG TANUL.
A PAP SE PRÉDIKÁL KÉTSZER.
KINEK A PAP, KINEK A PAPNÉ.
A PAPÍR TÜRELMES.
NEM MINDEN PAPSAJT.
VEREKEDŐ PÁSZTOROK KÖZT JÓ DOLGA VAN A FARKASNAK.
KIS PÉNZ, KIS FOCI.
PÉNZ BESZÉL, KUTYA UGAT.
ROSSZ PÉNZ NEM VÉSZ EL.
A PÉNZNEK NINCS SZAGA.
ISMERIK, MINT A ROSSZ PÉNZT.
ÚGY KERÜLT BELE, MINT PILÁTUS A KRÉDÓBA.
A POKOL ORSZÁGÚTJA IS JÓ SZÁNDÉKKAL VAN KIKÖVEZVE.
ELSZABADULT A POKOL.
POKOLBAN IS ESIK EGYSZER EGY ÜNNEP.
FELTESZI AZ I-RE A PONTOT.
A PONTOSSÁG A KIRÁLYOK UDVARIASSÁGA.
SENKI SEM PRÓFÉTA A SAJÁT, MAGA HAZÁJÁBAN.
FOGADATLAN PRÓKÁTORNAK EB A FIZETÉSE.
A PUDING PRÓBÁJA AZ, HOGY MEGESZIK.
EZ CSAK PÚP A HÁTUNKON.
REND A LELKE MINDENNEK.
RENDNEK MUSZÁJ LENNI.
A REST KÉTSZER FÁRAD.
A RETEK REGGEL MÉREG, DÉLBEN ÉTEK, ESTE ORVOSSÁG.
AMIT NYER A RÉVEN, ELVESZTI A VÁMON.
ALVÓ RÓKA NEM FOG NYULAT.
EGY RÓKÁRÓL KÉT BŐRT NEM LEHET LEHÚZNI.
MINDEN ÚT RÓMÁBA VEZET.
KÖNNYEBB RONTANI, MINT ÉPÍTENI.
MINÉL ROSSZABB, ANNÁL JOBB.
NINCSEN RÓZSA TÖVIS NÉLKÜL.
NEM A RUHA TESZI AZ EMBERT.
RUHA TESZI AZ EMBERT.
MEGÁLLJA A SARAT.
SZEDI A SÁTORFÁJÁT.
HA BEGYÓGYUL IS A SEB, MEGMARAD A HELYE.
KÖNNYŰ SEBET EJTENI, DE NEHÉZ GYÓGYÍTANI.
A SEMMINÉL A KEVÉS IS TÖBBET ÉR.
NESZE SEMMI, FOGD MEG JÓL.
SEMMIBŐL NEM LESZ SEMMI.
ÚJ SEPRŰ JÓL SEPER.
AKI SIET, ELKÉSIK.
FÉL LÁBBAL A SÍRBAN VAN.
FOROG A SÍRJÁBAN.
SÓBÁLVÁNNYÁ VÁLTOZOTT.
KI SOKBA KAP, KEVESET VÉGEZ.
A SÓLYOMMADÁRNAK NEM LESZ GALAMB FIA.
A SOROK KÖZÖTT OLVAS.
KILÓG A SORBÓL.
FELTALÁLTA A SPANYOLVIASZT.
ÁTADJA A STAFÉTABOTOT.
SUBA SUBÁHOZ, GUBA GUBÁHOZ.
ELVETI A SULYKOT.
SUSZTER MARADJON A KAPTAFÁNÁL!
SÜKETEK PÁRBESZÉDE FOLYIK.
A SZABADSÁG DRÁGÁBB AZ ARANYNÁL.
NINCS SZABÁLY KIVÉTEL NÉLKÜL.
AKKORA A SZÁJA, MINT A BÉCSI KAPU.
NE SZÓLJ SZÁM, NEM FÁJ FEJEM!
SZÁLKA VALAKINEK A SZEMÉBEN.
ADJ A TÓTNAK SZÁLLÁST, KIVER A HÁZBÓL.
A FULDOKLÓ EMBER A SZALMASZÁLHOZ IS KAP.
EGY SZALMASZÁLAT SEM TESZ KERESZTBE.
ÁLL, MINT SZAMÁR A HEGYEN.
ELTŰNT, MINT SZÜRKE SZAMÁR A KÖDBEN.
SZAMÁRBŐGÉS NEM HALLATSZIK A MENNYBE.
NEM KELL KEVERNI A SZART, MERT MÉG BÜDÖSEBB LESZ.
CSÖRÖG A SZARKA, VENDÉG JÖN.
SOKAT AKAR A SZARKA, DE NEM BÍRJA A FARKA.
ELTALÁLTA SZARVA KÖZT A TŐGYÉT.
SZEGET SZEGGEL.
A SZEGÉNY EMBERT MÉG AZ ÁG IS HÚZZA.
SZEGÉNY EMBER VÍZZEL FŐZ.
SZEGÉNYNEK A SZERENCSÉJE IS SZEGÉNY.
KÉT SZÉK KÖZT A PAD ALÁ ESIK.
AKINEK A SZEKERÉN ÜLSZ, ANNAK A NÓTÁJÁT FÚJJAD.
KIFELÉ ÁLL A SZEKERE RÚDJA.
NE FUSS OLYAN SZEKÉR UTÁN, AMELYIK NEM VESZ FEL.
AKI SZELET VET, VIHART ARAT.
KIFOGJA A SZELET A VITORLÁJÁBÓL.
SZÉLLEL SZEMBESZÁLLNI NEM LEHET.
FOROG, MINT A SZÉLKAKAS.
KISZABADÍTOTTA A PALACKBÓL A SZELLEMET.
SZÉLMALOMHARCOT VÍV.
TÖBB SZEM TÖBBET LÁT.
AMIT A SZEME MEGLÁT, A KEZE NEM HAGYJA OTT.
SZÉP A SZEME, DE ÖRDÖG A SZÍVE.
ÚGY VIGYÁZ RÁ, MINT A SZEME FÉNYÉRE.
EGYIK SZEMEM SÍR, A MÁSIK MEG NEVET.
SZEMESNEK ÁLL A VILÁG.
SZEMET SZEMÉRT, FOGAT FOGÉRT.
KISZÚRJA VALAKINEK A SZEMÉT VALAMIVEL.
TÖBBET HISZÜNK A SZEMNEK, MINT A FÜLNEK.
SZEMTELEN, MINT A PIACI LÉGY.
RENDBEN VAN A SZÉNÁJA.
MINDEN SZENTNEK MAGA FELÉ HAJLIK A KEZE.
KITEREGETI A SZENNYEST.
A SZERELEM VAK.
MINDENKI A MAGA SZERENCSÉJÉNEK KOVÁCSA.
JÓ SZERSZÁM, FELE MUNKA.
AMI A SZÍVÉN, AZ A SZÁJÁN.
A SZÉP SZÓ AZ ELLENSÉGET IS KIBÉKÍTI.
SZÓBÓL ÉRT AZ EMBER.
SZÁZ SZÓNAK IS EGY A VÉGE.
SZÉP A SZAVA, DE ÖRDÖG Ő MAGA.
A SZOMSZÉD RÉTJE MINDIG ZÖLDEBB.
JOBB A JÓ SZOMSZÉD SOK ROSSZ ATYAFINÁL.
KIBÚJIK A SZÖG A ZSÁKBÓL.
SZÖGET ÜTÖTT A FEJÉBE.
SAVANYÚ A SZŐLŐ.
A SZŐNYEG ALÁ SÖPRI A KÉRDÉST.
A SZÚNYOGBÓL IS ELEFÁNTOT CSINÁL.
A SZÜKSÉGBŐL ERÉNYT KOVÁCSOL.
AHOL NAGY A SZÜKSÉG, KÖZEL A SEGÍTSÉG.
SZÜKSÉG TÖRVÉNYT BONT.
NEHÉZ SZÜLÉS VOLT.
KITETTÉK A SZŰRÉT.
ADDIG NYÚJTÓZZ, AMEDDIG A TAKARÓD ÉR.
LEFELÉ TAPOS ÉS FELFELÉ HAJLONG.
SÖTÉTBEN MINDEN TEHÉN FEKETE.
A NAGY TEHER IS KÖNNYŰ, HA SOKAN EMELIK.
KORÁN MEGLÁTSZIK, MELY TEJBŐL LESZ JÓ TÚRÓ.
NEM FENÉKIG TEJFÖL.
SZEGÉNY, MINT A TEMPLOM EGERE.
A TÉNYEK MAKACS DOLGOK.
TÉVEDNI EMBERI DOLOG.
AMI TIÉD, TEDD EL, A MÁSÉT NE VEDD EL.
TANULJ TINÓ, ÖKÖR LESZ BELŐLED.
A TISZTASÁG FÉL EGÉSZSÉG.
EGYIK TIZENKILENC, A MÁSIK EGY HÍJÁN HÚSZ.
IDEGEN TOLLAKKAL ÉKESKEDIK.
A NAGY TOLVAJ LESZAKAD, DE A KICSI FELAKAD.
AZT SE TUDJA, ESZIK-E VAGY ISSZÁK.
SZÉL A TÖLGYET LEDÖNTI, DE A NÁDDAL NEM BÍR.
BEDOBTA A TÖRÖLKÖZŐT.
TRÉFÁBÓL IS LEHET IGAZAT MONDANI.
A TUDÁS HATALOM.
A TÜRELEM RÓZSÁT TEREM.
KÉT TŰZ KÖZÖTT VAN.
AKI KÖZEL VAN A TŰZHÖZ, AZ JOBBAN MELEGSZIK.
A TŰZZEL NEM JÓ JÁTSZANI.
TŰZOLTÓ MUNKÁT VÉGEZ.
AMELYIK TYÚK SOKAT KOTKODÁCSOL, KEVESET TOJIK.
ANNYIT ÉRT HOZZÁ, MINT TYÚK AZ ÁBÉCÉHEZ.
AZ IGAZSÁGOT A TYÚK IS KIKAPARJA.
VAK TYÚK IS TALÁL SZEMET.
MÁMA EGY UJJAL, HOLNAP TÍZ KÖRÖMMEL.
AZ UJJUNK SEM EGYFORMA.
AKI URÁVAL PÖRÖL, ISTEN ANNAK ORVOSA.
AZ ÚR A POKOLBAN IS ÚR.
NEM JÓ NAGY URAKKAL EGY TÁLBÓL CSERESZNYÉZNI.
NEM LEHET KÉT ÚRNAK SZOLGÁLNI.
ADJ URAMISTEN, DE RÖGTÖN!
FEL IS ÚT, LE IS ÚT.
LEGJOBB AZ EGYENES ÚT.
JÁRT UTAT A JÁRATLANÉRT EL NE HAGYD!
ZÖLD UTAT KAP.
EBÜL SZERZETT VAGYON EBÜL VÉSZ EL.
AKINEK VAJ VAN A FEJÉN, NE MENJEN A NAPRA.
VAK VEZET VILÁGTALANT.
A VAKOK KÖZT FÉLSZEMŰ A KIRÁLY.
JOBB VALAMI, MINT SEMMI.
VALAMIT VALAMIÉRT.
VARGA, NE TOVÁBB A KAPTAFÁNÁL.
AKI VARJAT AKAR LŐNI, NEM PENGETI ÍJÁT.
LÁTTAM ÉN MÁR KARÓN VARJÚT.
VARJÚ A VARJÚNAK NEM VÁGJA KI A SZEMÉT.
ADDIG ÜSD A VASAT, MÍG MELEG.
TÖBB VASAT TART A TŰZBEN.
KETTŐN ÁLL A VÁSÁR.
A KÖNNYEBB VÉGÉT FOGJA A DOLOGNAK.
NEM REJTI VÉKA ALÁ A VÉLEMÉNYÉT.
HA AKAROM VEMHES, HA AKAROM, NEM VEMHES.
AKÁRMILYEN KEDVES VENDÉG, HÁROM NAPIG UNTIG ELÉG.
HARMADNAPI VENDÉGNEK AJTÓ MEGETT A HELYE.
HÍVATLAN VENDÉGNEK AJTÓ MEGETT HELYE.
A VÉR NEM VÁLIK VÍZZÉ.
A VEREBEK IS CSIRIPELIK.
JOBB MA EGY VERÉB, MINT HOLNAP EGY TÚZOK.
AKI MÁSNAK VERMET ÁS, MAGA ESIK BELE.
KI MINT VET, ÚGY ARAT.
VIHAR EGY POHÁR VÍZBEN.
HA MEGCSORDUL VINCE, TELE LESZ A PINCE.
LASSÚ VÍZ PARTOT MOS.
SOK VÍZ LEFOLYIK MÉG ADDIG A DUNÁN.
SOK VÍZ LEFOLYT AZÓTA A DUNÁN.
VIZET PRÉDIKÁL ÉS BORT ISZIK.
A HIDEG VÍZRE VALÓT SEM KERESNÉ MEG.
AKI FÉL A VÍZTŐL, NEM ESZIK HALAT.
A ZAVAROSBAN HALÁSZIK.
MEGTALÁLTA ZSÁK A FOLTJÁT.
ZSÁKBAMACSKÁT ÁRUL.